../Core/Src/main.c:110:5:main	32	static
../Core/Src/main.c:227:6:SystemClock_Config	120	static
../Core/Src/main.c:276:13:MX_I2C1_Init	8	static
../Core/Src/main.c:324:13:MX_I2C2_Init	8	static
../Core/Src/main.c:372:13:MX_GPIO_Init	48	static
../Core/Src/main.c:452:6:MYGPIO_ALM_RELE_Init	16	static
../Core/Src/main.c:460:6:MYGPIO_CMD_RELE_Init	16	static
../Core/Src/main.c:468:6:MYGPIO_FAULT_RELE_Init	16	static
../Core/Src/main.c:476:6:MYGPIO_ADDRESS_Init	16	static
../Core/Src/main.c:483:6:MYGPIO_EXT_INT_Init	16	static
../Core/Src/main.c:488:6:MX_GPIO_I2C_OwnAddress1_Update	32	static
../Core/Src/main.c:521:6:CMD_RELE_Update	24	static
../Core/Src/main.c:527:6:HAL_I2C_AddrCallback_Restart	8	static
../Core/Src/main.c:538:6:HAL_I2C_AddrCallback	16	static
../Core/Src/main.c:669:6:HAL_I2C_SlaveRxCpltCallback	16	static
../Core/Src/main.c:748:6:HAL_I2C_ListenCpltCallback	16	static
../Core/Src/main.c:753:6:HAL_GPIO_EXTI_Callback	32	static
../Core/Src/main.c:774:6:Error_Handler	8	static,ignoring_inline_asm
